example.2clibnam.lib --------------
area : INT= 2
direction : STRING= input
capacitance : INT= 1
direction : STRING= output
function : STRING= A ^ B
intrinsic_rise : FLOAT= 0.49
intrinsic_fall : FLOAT= 0.77
rise_resistance : FLOAT= 0.1443
fall_resistance : FLOAT= 0.0523
related_pin : STRING= A B
area : INT= 2
direction : STRING= input
capacitance : INT= 1
direction : STRING= output
function : STRING= A + B
intrinsic_rise : FLOAT= 0.38
intrinsic_fall : FLOAT= 0.85
rise_resistance : FLOAT= 0.1443
fall_resistance : FLOAT= 0.0589
related_pin : STRING= A B
example.2libnam.lib --------------
area : INT= 2
direction : STRING= input
capacitance : INT= 1
direction : STRING= output
function : STRING= A ^ B
intrinsic_rise : FLOAT= 0.49
intrinsic_fall : FLOAT= 0.77
rise_resistance : FLOAT= 0.1443
fall_resistance : FLOAT= 0.0523
related_pin : STRING= A B
area : INT= 2
direction : STRING= input
capacitance : INT= 1
direction : STRING= output
function : STRING= A + B
intrinsic_rise : FLOAT= 0.38
intrinsic_fall : FLOAT= 0.85
rise_resistance : FLOAT= 0.1443
fall_resistance : FLOAT= 0.0589
related_pin : STRING= A B
example.2pin.lib --------------
ERROR: example.2pin.lib:34: The group name A is already being used in this context. (Syntax Error Encountered)
ERROR: example.2pin.lib:34: The group name B is already being used in this context. (Syntax Error Encountered)
area : INT= 2
direction : STRING= input
capacitance : INT= 1
direction : STRING= output
function : STRING= A ^ B
intrinsic_rise : FLOAT= 0.49
intrinsic_fall : FLOAT= 0.77
rise_resistance : FLOAT= 0.1443
fall_resistance : FLOAT= 0.0523
related_pin : STRING= A B
area : INT= 2
direction : STRING= input
capacitance : INT= 1
direction : STRING= input
capacitance : INT= 1
direction : STRING= output
function : STRING= A + B
intrinsic_rise : FLOAT= 0.38
intrinsic_fall : FLOAT= 0.85
rise_resistance : FLOAT= 0.1443
fall_resistance : FLOAT= 0.0589
related_pin : STRING= A B
example.access.lib --------------
bit_width : INT= 4
bit_from : INT= 0
bit_to : INT= 3
bus_type : STRING= bus4
example.badcurly.lib --------------
Warning: line 5: Opening Curly must be on same line as group declaration!
Warning: line 8: Opening Curly must be on same line as group declaration!
Warning: line 13: Opening Curly must be on same line as group declaration!
Warning: line 17: Opening Curly must be on same line as group declaration!
Warning: line 27: Opening Curly must be on same line as group declaration!
Warning: line 30: Opening Curly must be on same line as group declaration!
Warning: line 35: Opening Curly must be on same line as group declaration!
Warning: line 39: Opening Curly must be on same line as group declaration!
area : INT= 2
direction : STRING= input
capacitance : INT= 1
direction : STRING= output
function : STRING= A ^ B
intrinsic_rise : FLOAT= 0.49
intrinsic_fall : FLOAT= 0.77
rise_resistance : FLOAT= 0.1443
fall_resistance : FLOAT= 0.0523
related_pin : STRING= A B
area : INT= 2
direction : STRING= input
capacitance : INT= 1
direction : STRING= output
function : STRING= A + B
intrinsic_rise : FLOAT= 0.38
intrinsic_fall : FLOAT= 0.85
rise_resistance : FLOAT= 0.1443
fall_resistance : FLOAT= 0.0589
related_pin : STRING= A B
example.baddir.lib --------------
area : INT= 2
direction : STRING= input
capacitance : INT= 1
direction : STRING= output
function : STRING= A ^ B
intrinsic_rise : FLOAT= 0.49
intrinsic_fall : FLOAT= 0.77
rise_resistance : FLOAT= 0.1443
fall_resistance : FLOAT= 0.0523
related_pin : STRING= A B
area : INT= 2
direction : STRING= inoutput
capacitance : INT= 1
direction : STRING= output
function : STRING= A + B
intrinsic_rise : FLOAT= 0.38
intrinsic_fall : FLOAT= 0.85
rise_resistance : FLOAT= 0.1443
fall_resistance : FLOAT= 0.0589
related_pin : STRING= A B
example.badiface.lib --------------
variable_1 : STRING= total_output_net_capacitance
variable_2 : STRING= input_net_transition
variable_1 : STRING= total_output_net_capacitance
area : INT= 2
interface_timing : BOOLEAN= True
direction : STRING= input
capacitance : INT= 1
direction : STRING= output
function : STRING= A ^ B
intrinsic_rise : FLOAT= 0.49
intrinsic_fall : FLOAT= 0.77
rise_resistance : FLOAT= 0.1443
fall_resistance : FLOAT= 0.0523
related_pin : STRING= A B
area : INT= 2
direction : STRING= input
capacitance : INT= 1
direction : STRING= output
function : STRING= A + B
intrinsic_rise : FLOAT= 0.38
intrinsic_fall : FLOAT= 0.85
rise_resistance : FLOAT= 0.1443
fall_resistance : FLOAT= 0.0589
related_pin : STRING= A B
example.badmem2.lib --------------
variable_1 : STRING= total_output_net_capacitance
variable_2 : STRING= input_net_transition
area : INT= 2
direction : STRING= input
capacitance : INT= 1
direction : STRING= output
direction : STRING= output
function : STRING= A ^ B
intrinsic_rise : FLOAT= 0.49
intrinsic_fall : FLOAT= 0.77
rise_resistance : FLOAT= 0.1443
fall_resistance : FLOAT= 0.0523
related_pin : STRING= A B
area : INT= 2
direction : STRING= input
capacitance : INT= 1
direction : STRING= output
function : STRING= A + B
intrinsic_rise : FLOAT= 0.38
intrinsic_fall : FLOAT= 0.85
rise_resistance : FLOAT= 0.1443
fall_resistance : FLOAT= 0.0589
related_pin : STRING= A B
example.badmem.lib --------------
variable_1 : STRING= total_output_net_capacitance
variable_2 : STRING= input_net_transition
area : INT= 2
direction : STRING= input
capacitance : INT= 1
clock : BOOLEAN= True
direction : STRING= output
function : STRING= A ^ B
intrinsic_rise : FLOAT= 0.49
intrinsic_fall : FLOAT= 0.77
rise_resistance : FLOAT= 0.1443
fall_resistance : FLOAT= 0.0523
related_pin : STRING= A B
area : INT= 2
direction : STRING= input
capacitance : INT= 1
direction : STRING= output
function : STRING= A + B
intrinsic_rise : FLOAT= 0.38
intrinsic_fall : FLOAT= 0.85
rise_resistance : FLOAT= 0.1443
fall_resistance : FLOAT= 0.0589
related_pin : STRING= A B
example.badmod2.lib --------------
variable_1 : STRING= total_output_net_capacitance
variable_2 : STRING= input_net_transition
area : INT= 2
direction : STRING= input
capacitance : INT= 1
direction : STRING= output
function : STRING= A ^ B
intrinsic_rise : FLOAT= 0.49
intrinsic_fall : FLOAT= 0.77
rise_resistance : FLOAT= 0.1443
fall_resistance : FLOAT= 0.0523
related_pin : STRING= A B
preset : STRING= wow
clear : STRING= gee
clear_preset_var1 : STRING= H
area : INT= 2
direction : STRING= input
capacitance : INT= 1
direction : STRING= output
function : STRING= A + B
intrinsic_rise : FLOAT= 0.38
intrinsic_fall : FLOAT= 0.85
rise_resistance : FLOAT= 0.1443
fall_resistance : FLOAT= 0.0589
related_pin : STRING= A B
example.badmod.lib --------------
delay_model : STRING= lookup_table
variable_1 : STRING= total_output_net_capacitance
variable_2 : STRING= input_net_transition
area : INT= 2
direction : STRING= input
capacitance : INT= 1
direction : STRING= output
function : STRING= A ^ B
intrinsic_rise : FLOAT= 0.49
intrinsic_fall : FLOAT= 0.77
rise_resistance : FLOAT= 0.1443
fall_resistance : FLOAT= 0.0523
related_pin : STRING= A B
preset : STRING= wow
clear : STRING= gee
clear_preset_var1 : STRING= H
area : INT= 2
direction : STRING= input
capacitance : INT= 1
direction : STRING= output
function : STRING= A + B
intrinsic_rise : FLOAT= 0.38
intrinsic_fall : FLOAT= 0.85
rise_resistance : FLOAT= 0.1443
fall_resistance : FLOAT= 0.0589
related_pin : STRING= A B
example.badtech.lib --------------
area : INT= 2
direction : STRING= input
capacitance : INT= 1
direction : STRING= output
function : STRING= A ^ B
intrinsic_rise : FLOAT= 0.49
intrinsic_fall : FLOAT= 0.77
rise_resistance : FLOAT= 0.1443
fall_resistance : FLOAT= 0.0523
related_pin : STRING= A B
area : INT= 2
direction : STRING= input
capacitance : INT= 1
direction : STRING= output
function : STRING= A + B
intrinsic_rise : FLOAT= 0.38
intrinsic_fall : FLOAT= 0.85
rise_resistance : FLOAT= 0.1443
fall_resistance : FLOAT= 0.0589
related_pin : STRING= A B
example.badtim.lib --------------
variable_1 : STRING= total_output_net_capacitance
variable_2 : STRING= input_net_transition
area : INT= 2
direction : STRING= input
capacitance : INT= 1
direction : STRING= output
function : STRING= A ^ B
intrinsic_rise : FLOAT= 0.49
intrinsic_fall : FLOAT= 0.77
rise_resistance : FLOAT= 0.1443
fall_resistance : FLOAT= 0.0523
related_pin : STRING= A B
preset : STRING= wow
clear : STRING= gee
clear_preset_var1 : STRING= H
area : INT= 2
direction : STRING= input
capacitance : INT= 1
direction : STRING= output
function : STRING= A + B
intrinsic_rise : FLOAT= 0.38
intrinsic_fall : FLOAT= 0.85
rise_resistance : FLOAT= 0.1443
fall_resistance : FLOAT= 0.0589
related_pin : STRING= A B
example.badval2.lib --------------
variable_1 : STRING= total_output_net_capacitance
variable_2 : STRING= input_net_transition
area : INT= 2
direction : STRING= input
capacitance : INT= 1
direction : STRING= output
function : STRING= A ^ B
intrinsic_rise : FLOAT= 0.49
intrinsic_fall : FLOAT= 0.77
rise_resistance : FLOAT= 0.1443
fall_resistance : FLOAT= 0.0523
related_pin : STRING= A B
area : INT= 2
direction : STRING= input
capacitance : INT= 1
direction : STRING= output
function : STRING= A + B
intrinsic_rise : FLOAT= 0.38
intrinsic_fall : FLOAT= 0.85
rise_resistance : FLOAT= 0.1443
fall_resistance : FLOAT= 0.0589
related_pin : STRING= A B
example.badval3.lib --------------
variable_1 : STRING= total_output_net_capacitance
variable_2 : STRING= input_net_transition
variable_1 : STRING= total_output_net_capacitance
area : INT= 2
direction : STRING= input
capacitance : INT= 1
direction : STRING= output
function : STRING= A ^ B
intrinsic_rise : FLOAT= 0.49
intrinsic_fall : FLOAT= 0.77
rise_resistance : FLOAT= 0.1443
fall_resistance : FLOAT= 0.0523
related_pin : STRING= A B
area : INT= 2
direction : STRING= input
capacitance : INT= 1
direction : STRING= output
function : STRING= A + B
intrinsic_rise : FLOAT= 0.38
intrinsic_fall : FLOAT= 0.85
rise_resistance : FLOAT= 0.1443
fall_resistance : FLOAT= 0.0589
related_pin : STRING= A B
example.badval.lib --------------
variable_1 : STRING= total_output_net_capacitance
variable_2 : STRING= input_net_transition
area : INT= 2
direction : STRING= input
capacitance : INT= 1
direction : STRING= output
function : STRING= A ^ B
intrinsic_rise : FLOAT= 0.49
intrinsic_fall : FLOAT= 0.77
rise_resistance : FLOAT= 0.1443
fall_resistance : FLOAT= 0.0523
related_pin : STRING= A B
area : INT= 2
direction : STRING= input
capacitance : INT= 1
direction : STRING= output
function : STRING= A + B
intrinsic_rise : FLOAT= 0.38
intrinsic_fall : FLOAT= 0.85
rise_resistance : FLOAT= 0.1443
fall_resistance : FLOAT= 0.0589
related_pin : STRING= A B
example.buspindir.lib --------------
variable_1 : STRING= total_output_net_capacitance
variable_2 : STRING= input_net_transition
area : INT= 2
direction : STRING= input
capacitance : INT= 1
direction : STRING= output
function : STRING= A ^ B
intrinsic_rise : FLOAT= 0.49
intrinsic_fall : FLOAT= 0.77
rise_resistance : FLOAT= 0.1443
fall_resistance : FLOAT= 0.0523
related_pin : STRING= A B
direction : STRING= input
direction : STRING= output
direction : STRING= input
direction : STRING= output
area : INT= 2
direction : STRING= input
capacitance : INT= 1
direction : STRING= output
function : STRING= A + B
intrinsic_rise : FLOAT= 0.38
intrinsic_fall : FLOAT= 0.85
rise_resistance : FLOAT= 0.1443
fall_resistance : FLOAT= 0.0589
related_pin : STRING= A B
example.closesemi.lib --------------
area : INT= 2
direction : STRING= input
capacitance : INT= 1
direction : STRING= output
function : STRING= A ^ B
intrinsic_rise : FLOAT= 0.49
intrinsic_fall : FLOAT= 0.77
rise_resistance : FLOAT= 0.1443
fall_resistance : FLOAT= 0.0523
related_pin : STRING= A B
area : INT= 2
direction : STRING= input
capacitance : INT= 1
direction : STRING= output
function : STRING= A + B
intrinsic_rise : FLOAT= 0.38
intrinsic_fall : FLOAT= 0.85
rise_resistance : FLOAT= 0.1443
fall_resistance : FLOAT= 0.0589
related_pin : STRING= A B
example.coloncell.lib --------------
area : EXPR= 10 * 5
example.colontempl.lib --------------
nom_process : FLOAT= 1
nom_temperature : FLOAT= 25
nom_voltage : FLOAT= 2.5
variable_1 : STRING= input_net_transition
variable_1 : STRING= input_net_transition
example.driver.lib --------------
variable_1 : STRING= total_output_net_capacitance
variable_2 : STRING= input_net_transition
area : INT= 2
direction : STRING= input
driver_type : STRING= open_drain open_source pull_up pull_down bus_hold
capacitance : INT= 1
direction : STRING= output
function : STRING= A ^ B
intrinsic_rise : FLOAT= 0.49
intrinsic_fall : FLOAT= 0.77
rise_resistance : FLOAT= 0.1443
fall_resistance : FLOAT= 0.0523
related_pin : STRING= A B
area : INT= 2
direction : STRING= input
capacitance : INT= 1
direction : STRING= output
function : STRING= A + B
intrinsic_rise : FLOAT= 0.38
intrinsic_fall : FLOAT= 0.85
rise_resistance : FLOAT= 0.1443
fall_resistance : FLOAT= 0.0589
related_pin : STRING= A B
example.dup1.lib --------------
example.dup2.lib --------------
example.ffbank.lib --------------
variable_1 : STRING= total_output_net_capacitance
variable_2 : STRING= input_net_transition
bit_width : INT= 32
bit_from : INT= 15
bit_to : INT= 0
area : INT= 2
direction : STRING= input
capacitance : INT= 1
direction : STRING= output
function : STRING= A ^ B
intrinsic_rise : FLOAT= 0.49
intrinsic_fall : FLOAT= 0.77
rise_resistance : FLOAT= 0.1443
fall_resistance : FLOAT= 0.0523
related_pin : STRING= A B
bus_type : STRING= sixteen
bus_type : STRING= thirtytwo
next_state : STRING= D
next_state : STRING= D
next_state : STRING= E
next_state : STRING= E
area : INT= 2
direction : STRING= input
capacitance : INT= 1
direction : STRING= output
function : STRING= A + B
intrinsic_rise : FLOAT= 0.38
intrinsic_fall : FLOAT= 0.85
rise_resistance : FLOAT= 0.1443
fall_resistance : FLOAT= 0.0589
related_pin : STRING= A B
example.fpga.lib --------------
area : INT= 2
direction : STRING= input
capacitance : INT= 1
direction : STRING= output
function : STRING= A ^ B
intrinsic_rise : FLOAT= 0.49
intrinsic_fall : FLOAT= 0.77
rise_resistance : FLOAT= 0.1443
fall_resistance : FLOAT= 0.0523
related_pin : STRING= A B
area : INT= 2
direction : STRING= input
capacitance : INT= 1
direction : STRING= output
function : STRING= A + B
intrinsic_rise : FLOAT= 0.38
intrinsic_fall : FLOAT= 0.85
rise_resistance : FLOAT= 0.1443
fall_resistance : FLOAT= 0.0589
slope_rise : FLOAT= 0
slope_fall : FLOAT= 0
related_pin : STRING= A B
example.include.lib --------------
       ... including file fragment_good
       ... including file fragment_bad
ERROR: fragment_bad:2: The group name t112 is already being used in this context. (Syntax Error Encountered)
ERROR: ===
ERROR === syntax error, unexpected SEMI, expecting LPAR or COLON or EQ file: fragment_bad, line number 4
ERROR === (Syntax Error Encountered)
example.lib --------------
variable_1 : STRING= total_output_net_capacitance
variable_2 : STRING= input_net_transition
area : INT= 2
direction : STRING= input
capacitance : INT= 1
direction : STRING= output
function : STRING= A ^ B
intrinsic_rise : FLOAT= 0.49
intrinsic_fall : FLOAT= 0.77
rise_resistance : FLOAT= 0.1443
fall_resistance : FLOAT= 0.0523
related_pin : STRING= A B
area : INT= 2
direction : STRING= input
capacitance : INT= 1
direction : STRING= output
function : STRING= A + B
intrinsic_rise : FLOAT= 0.38
intrinsic_fall : FLOAT= 0.85
rise_resistance : FLOAT= 0.1443
fall_resistance : FLOAT= 0.0589
related_pin : STRING= A B
example.lut2.lib --------------
vomax : INT= 27
variable_1 : STRING= total_output_net_capacitance
variable_2 : STRING= input_net_transition
variable_1 : STRING= related_out_total_output_net_capacitance
variable_2 : STRING= total_output_net_capacitance
variable_3 : STRING= input_net_transition
vimax : FLOAT= 20
bit_width : INT= 32
bit_from : INT= 15
bit_to : INT= 0
clocked_on : STRING= CK
next_state : STRING= SE|(CK)
direction : STRING= input
direction : STRING= input
area : INT= 2
interface_timing : BOOLEAN= False
direction : STRING= input
capacitance : INT= 1
address_width : INT= 11
direction : STRING= output
function : STRING= A ^ B
intrinsic_rise : FLOAT= 0.49
intrinsic_fall : FLOAT= 0.77
rise_resistance : FLOAT= 0.1443
fall_resistance : FLOAT= 0.0523
related_pin : STRING= A B
timing_sense : STRING= positive_unate
bus_type : STRING= sixteen
clock : STRING= true
bus_type : STRING= thirtytwo
next_state : STRING= D
next_state : STRING= E
capacitance : FLOAT= 0.015785
related_pin : STRING= H05
timing_type : STRING= setup_rising
clocked_on : STRING= H05
next_state : STRING= H0A
clear : STRING= H06
clocked_on : STRING= H05
next_state : STRING= H0A
clear : STRING= H06
timing_type : STRING= setup_rising
intrinsic_rise : FLOAT= 1.6
intrinsic_fall : FLOAT= 1.6
related_pin : STRING= CP
timing_type : STRING= hold_rising
intrinsic_rise : FLOAT= 0.2
intrinsic_fall : FLOAT= 0.2
related_pin : STRING= CP
timing_type : STRING= setup_rising
intrinsic_rise : FLOAT= 1.6
intrinsic_fall : FLOAT= 1.6
related_pin : STRING= CP
timing_type : STRING= hold_rising
intrinsic_rise : FLOAT= 0.2
intrinsic_fall : FLOAT= 0.2
related_pin : STRING= CP
next_state : STRING= CR (DW LD + IQ LD')
clocked_on : STRING= CP
timing_type : STRING= setup_rising
intrinsic_rise : FLOAT= 1.6
intrinsic_fall : FLOAT= 1.6
related_pin : STRING= CP
timing_type : STRING= hold_rising
intrinsic_rise : FLOAT= 0.2
intrinsic_fall : FLOAT= 0.2
related_pin : STRING= CP
timing_type : STRING= rising_edge
intrinsic_rise : FLOAT= 1.09
intrinsic_fall : FLOAT= 1.25
rise_resistance : FLOAT= 0.1458
fall_resistance : FLOAT= 0.0589
related_pin : STRING= CP
timing_type : STRING= rising_edge
intrinsic_rise : FLOAT= 1.47
intrinsic_fall : FLOAT= 1.55
rise_resistance : FLOAT= 0.1523
fall_resistance : FLOAT= 0.0589
related_pin : STRING= CP
area : INT= 2
direction : STRING= input
capacitance : INT= 1
direction : STRING= output
function : STRING= A + B
intrinsic_rise : FLOAT= 0.38
intrinsic_fall : FLOAT= 0.85
rise_resistance : FLOAT= 0.1443
fall_resistance : FLOAT= 0.0589
related_pin : STRING= A B
example.lut.lib --------------
variable_1 : STRING= total_output_net_capacitance
variable_2 : STRING= input_net_transition
bit_width : INT= 32
bit_from : INT= 15
bit_to : INT= 0
area : INT= 2
direction : STRING= input
capacitance : INT= 1
direction : STRING= output
function : STRING= A ^ B
intrinsic_rise : FLOAT= 0.49
intrinsic_fall : FLOAT= 0.77
rise_resistance : FLOAT= 0.1443
fall_resistance : FLOAT= 0.0523
related_pin : STRING= A B
bus_type : STRING= sixteen
bus_type : STRING= thirtytwo
next_state : STRING= D
next_state : STRING= E
area : INT= 2
direction : STRING= input
capacitance : INT= 1
direction : STRING= output
function : STRING= A + B
intrinsic_rise : FLOAT= 0.38
intrinsic_fall : FLOAT= 0.85
rise_resistance : FLOAT= 0.1443
fall_resistance : FLOAT= 0.0589
related_pin : STRING= A B
example.nolibnam.lib --------------
area : INT= 2
direction : STRING= input
capacitance : INT= 1
direction : STRING= output
function : STRING= A ^ B
intrinsic_rise : FLOAT= 0.49
intrinsic_fall : FLOAT= 0.77
rise_resistance : FLOAT= 0.1443
fall_resistance : FLOAT= 0.0523
related_pin : STRING= A B
area : INT= 2
direction : STRING= input
capacitance : INT= 1
direction : STRING= output
function : STRING= A + B
intrinsic_rise : FLOAT= 0.38
intrinsic_fall : FLOAT= 0.85
rise_resistance : FLOAT= 0.1443
fall_resistance : FLOAT= 0.0589
related_pin : STRING= A B
example.numident.lib --------------
example.pin.lib --------------
example.powerlut.lib --------------
variable_1 : STRING= input_transition_time
area : INT= 2
direction : STRING= input
capacitance : INT= 1
example.preclear2.lib --------------
variable_1 : STRING= total_output_net_capacitance
variable_2 : STRING= input_net_transition
area : INT= 2
direction : STRING= input
capacitance : INT= 1
direction : STRING= output
function : STRING= A ^ B
intrinsic_rise : FLOAT= 0.49
intrinsic_fall : FLOAT= 0.77
rise_resistance : FLOAT= 0.1443
fall_resistance : FLOAT= 0.0523
related_pin : STRING= A B
preset : STRING= wow
clear : STRING= gee
clear_preset_var1 : STRING= H
area : INT= 2
direction : STRING= input
capacitance : INT= 1
direction : STRING= output
function : STRING= A + B
intrinsic_rise : FLOAT= 0.38
intrinsic_fall : FLOAT= 0.85
rise_resistance : FLOAT= 0.1443
fall_resistance : FLOAT= 0.0589
related_pin : STRING= A B
example.preclear.lib --------------
variable_1 : STRING= total_output_net_capacitance
variable_2 : STRING= input_net_transition
area : INT= 2
direction : STRING= input
capacitance : INT= 1
direction : STRING= output
function : STRING= A ^ B
intrinsic_rise : FLOAT= 0.49
intrinsic_fall : FLOAT= 0.77
rise_resistance : FLOAT= 0.1443
fall_resistance : FLOAT= 0.0523
related_pin : STRING= A B
preset : STRING= wow
clear : STRING= gee
area : INT= 2
direction : STRING= input
capacitance : INT= 1
direction : STRING= output
function : STRING= A + B
intrinsic_rise : FLOAT= 0.38
intrinsic_fall : FLOAT= 0.85
rise_resistance : FLOAT= 0.1443
fall_resistance : FLOAT= 0.0589
related_pin : STRING= A B
example.rangerr.lib --------------
area : INT= 2
direction : STRING= input
capacitance : INT= 1
direction : STRING= output
function : STRING= A ^ B
intrinsic_rise : FLOAT= 0.49
intrinsic_fall : FLOAT= 0.77
rise_resistance : FLOAT= 0.1443
fall_resistance : FLOAT= 0.0523
related_pin : STRING= A B
area : INT= 2
direction : STRING= input
capacitance : INT= 1
direction : STRING= output
function : STRING= A + B
intrinsic_rise : FLOAT= 0.38
intrinsic_fall : FLOAT= 0.85
rise_resistance : FLOAT= 0.1443
fall_resistance : FLOAT= 0.0589
related_pin : STRING= A B
example.sppm.lib --------------
delay_model : STRING= polynomial
power_model : STRING= polynomial
direction : STRING= input
direction : STRING= output
function : STRING= !A
related_pin : STRING= A
related_pin : STRING= A
example.syntaxerr.lib --------------
ERROR: ===
ERROR === syntax error, unexpected LCURLY file: example.syntaxerr.lib, line number 2
ERROR === (Syntax Error Encountered)
example.var.lib --------------
FANOUT : INT= 5
direction : STRING= output
max_fanout : EXPR= FANOUT * 2
inverter_nldm.lib --------------
delay_model : STRING= table_lookup
time_unit : STRING= 1ns
voltage_unit : STRING= 1V
current_unit : STRING= 1mA
vil : FLOAT= 0.3
vih : FLOAT= 1.1
vimin : FLOAT= -0.3
vimax : EXPR= VDD + 0.3
vol : FLOAT= 0.1
voh : FLOAT= 1.4
vomin : FLOAT= -0.3
vomax : EXPR= VDD + 0.3
variable_1 : STRING= input_noise_width
variable_2 : STRING= total_output_net_capacitance
variable_1 : STRING= input_noise_width
variable_2 : STRING= total_output_net_capacitance
variable_1 : STRING= iv_output_voltage
variable_1 : STRING= iv_output_voltage
variable_1 : STRING= input_noise_width
variable_2 : STRING= input_noise_height
variable_3 : STRING= total_output_net_capacitance
area : INT= 1
direction : STRING= input
capacitance : INT= 1
fanout_load : INT= 1
input_voltage : STRING= MY_CMOS_IN
height_coefficient : FLOAT= 0.4
area_coefficient : FLOAT= 1.1
width_coefficient : FLOAT= 0.1
height_coefficient : FLOAT= 0.3
area_coefficient : FLOAT= 0.9
width_coefficient : FLOAT= 0.1
height_coefficient : FLOAT= 0.1
area_coefficient : FLOAT= 0.3
width_coefficient : FLOAT= 0.01
height_coefficient : FLOAT= 0.1
area_coefficient : FLOAT= 0.3
width_coefficient : FLOAT= 0.01
direction : STRING= output
max_fanout : INT= 10
function : STRING=  !A 
output_voltage : STRING= MY_CMOS_OUT
related_pin : STRING= A
steady_state_resistance_high : INT= 1500
steady_state_resistance_low : INT= 1100
steady_state_resistance_above_high : INT= 200
steady_state_resistance_below_low : INT= 100
inverter_spdm.lib --------------
delay_model : STRING= polynomial
time_unit : STRING= 1ns
voltage_unit : STRING= 1V
current_unit : STRING= 1mA
default_power_rail : STRING= VDD
vil : FLOAT= 0.3
vih : FLOAT= 1.1
vimin : FLOAT= -0.3
vimax : EXPR= VDD + 0.3
vol : FLOAT= 0.1
voh : FLOAT= 1.4
vomin : FLOAT= -0.3
vomax : EXPR= VDD + 0.3
area : INT= 1
direction : STRING= input
capacitance : INT= 1
fanout_load : INT= 1
input_voltage : STRING= MY_CMOS_IN
height_coefficient : FLOAT= 0.4
area_coefficient : FLOAT= 1.1
width_coefficient : FLOAT= 0.1
height_coefficient : FLOAT= 0.3
area_coefficient : FLOAT= 0.9
width_coefficient : FLOAT= 0.1
height_coefficient : FLOAT= 0.1
area_coefficient : FLOAT= 0.3
width_coefficient : FLOAT= 0.01
height_coefficient : FLOAT= 0.1
area_coefficient : FLOAT= 0.3
width_coefficient : FLOAT= 0.01
direction : STRING= output
max_fanout : INT= 10
function : STRING=  !A 
output_voltage : STRING= MY_CMOS_OUT
related_pin : STRING= A
steady_state_resistance_high : INT= 1500
steady_state_resistance_low : INT= 1100
steady_state_resistance_above_high : INT= 200
steady_state_resistance_below_low : INT= 100
t2.lib --------------
nom_voltage : INT= 5
area : FLOAT= 12
ugroup_bad.lib --------------
values : STRING= 0.1, 3.313, 6.626
values : STRING= 0, 0.02499, 0.156188, 0.312375, 0.62475,1.2495,2.499
state : STRING= R1R
coefficients : STRING=  -1.388e-06, -1.20251e-06, -3.34395e-05, 2.75931e-07, \
	    	-3.87367e-08, -3.79891e-08, -1.1437e-08, -7.70073e-08, \
		    3.394e-09
related_pin : STRING= y
coefficients : STRING=  0.110163, 0.141989, 0.11636, 0.0972482, \
			    0.0655029, 0.0673979, 0.161816, 0.147963, \
			    0.115873, 0.093776, 0.096074, 0.01363
state : STRING= R1R
coefficients : STRING=  -1.388e-06, -1.20251e-06, -3.34395e-05, 2.75931e-07, \
			    -3.87367e-08, -3.79891e-08, -1.1437e-08, -7.70073e-08, \
			    3.394e-09
related_pin1x : STRING= y
coefficients : STRING=  0.162563, 0.144023, 0.137538, 0.0821456, \
			    0.103689, 0.102928, 0.116279, 0.162594, \
			    0.155714, 0.0783956, 0.162574, \
			    0.042222
si2testcase.lib --------------
delay_model : STRING= table_lookup
direction : STRING= input
capacitance : FLOAT= 0.3
rise_capacitance : FLOAT= 0.1
fall_capacitance : FLOAT= 0.2
siiattrib : STRING= 1
ugroup.lib --------------
values : STRING= 0.1, 3.313, 6.626
values : STRING= 0, 0.02499, 0.156188, 0.312375, 0.62475,1.2495,2.499
related_pin : STRING= y
coefficients : STRING=  0.110163, 0.141989, 0.11636, 0.0972482, \
    0.0655029, 0.0673979, 0.161816, 0.147963, \
    0.115873, 0.093776, 0.096074, 0.01363
related_pin : STRING= y
coefficients : STRING=  0.162563, 0.144023, 0.137538, 0.0821456, \
    0.103689, 0.102928, 0.116279, 0.162594, \
    0.155714, 0.0783956, 0.162574, \
    0.042222
state : STRING= R1R
coefficients : STRING=  -1.388e-06, -1.20251e-06, -3.34395e-05, 2.75931e-07, \
    -3.87367e-08, -3.79891e-08, -1.1437e-08, -7.70073e-08, \
    3.394e-09
state : STRING= FF1
coefficients : STRING=  -2.89987e-06, -1.34106e-06, 1.45341e-07, 2.49066e-07, \
    -2.18599e-08, -4.86238e-08, -4.94932e-09, -7.40283e-08, \
    1.95244e-09
